I'm sorry, but errors were detected in your script. Please correct the
errors listed below, and try again.


File "game/script.rpy", line 880: invalid syntax
    renpy.pause(1.25, hard=True).
    

Ren'Py Version: Ren'Py 7.3.5.606
Sun Jun  7 11:18:26 2020
